[1537498565.979833,{"log":"{\"level\":\"info\",\"time\":\"2018-09-21T02:56:05.979833Z\",\"instance\":\"tcpaccesslog.logentry.istio-system\",\"connectionDuration\":\"0s\",\"connectionEvent\":\"continue\",\"connection_security_policy\":\"unknown\",\"destinationApp\":\"\",\"destinationIp\":\"10.244.0.78\",\"destinationName\":\"user-db-7dcc9649dc-b72rs\",\"destinationNamespace\":\"socks\",\"destinationOwner\":\"kubernetes://apis/extensions/v1beta1/namespaces/socks/deployments/user-db\",\"destinationPrincipal\":\"\",\"destinationServiceHost\":\"user-db.socks.svc.cluster.local\",\"destinationWorkload\":\"user-db\",\"protocol\":\"tcp\",\"receivedBytes\":432,\"reporter\":\"source\",\"requestedServerName\":\"\",\"sentBytes\":424,\"sourceApp\":\"\",\"sourceIp\":\"10.244.1.131\",\"sourceName\":\"user-84ccd5fd57-2vpb5\",\"sourceNamespace\":\"socks\",\"sourceOwner\":\"kubernetes://apis/extensions/v1beta1/namespaces/socks/deployments/user\",\"sourcePrincipal\":\"\",\"sourceWorkload\":\"user\",\"totalReceivedBytes\":1485916,\"totalSentBytes\":1671996}\n","stream":"stdout","time":"2018-09-21T02:56:06.978292233Z","level":"info","instance":"tcpaccesslog.logentry.istio-system","connectionDuration":"0s","connectionEvent":"continue","connection_security_policy":"unknown","destinationApp":"","destinationIp":"10.244.0.78","destinationName":"user-db-7dcc9649dc-b72rs","destinationNamespace":"socks","destinationOwner":"kubernetes://apis/extensions/v1beta1/namespaces/socks/deployments/user-db","destinationPrincipal":"","destinationServiceHost":"user-db.socks.svc.cluster.local","destinationWorkload":"user-db","protocol":"tcp","receivedBytes":432,"reporter":"source","requestedServerName":"","sentBytes":424,"sourceApp":"","sourceIp":"10.244.1.131","sourceName":"user-84ccd5fd57-2vpb5","sourceNamespace":"socks","sourceOwner":"kubernetes://apis/extensions/v1beta1/namespaces/socks/deployments/user","sourcePrincipal":"","sourceWorkload":"user","totalReceivedBytes":1485916,"totalSentBytes":1671996,"kubernetes":{"pod_name":"session-db-fdd649d68-cq5sp","namespace_name":"socks","pod_id":"c024001a-bac1-11e8-9a35-0a58ac1f077b","labels":{"name":"session-db","pod-template-hash":"988205824"},"annotations":{"sidecar.istio.io/status":"{\"version\":\"2e0c897425ef3bd2729ec5f9aead7c0566c10ab326454e8e9e2b451404aee9a5\",\"initContainers\":[\"istio-init\"],\"containers\":[\"istio-proxy\"],\"volumes\":[\"istio-envoy\",\"istio-certs\"],\"imagePullSecrets\":null}","fluentbit.io/parser_stdout-istio-init":"init_stdout","fluentbit.io/parser_stderr-istio-init":"init_stderr","fluentbit.io/parser-session-db":"redis","fluentbit.io/parser-istio-proxy":"mixer"},"host":"aks-nodepool1-19254313-0","container_name":"istio-proxy","docker_id":"b75ad5eba8ddde3687e11d07b5f1d13b59c6168d5183621ac2792482b99e7155"}}]
