[1537220210.598656, {"log":"format_type: stderr\n", "stream":"stderr", "time":"2018-09-17T21:36:50.598656444Z", "kubernetes":{"pod_name":"session-db-fdd649d68-cq5sp", "namespace_name":"socks", "pod_id":"c024001a-bac1-11e8-9a35-0a58ac1f077b", "labels":{"name":"session-db", "pod-template-hash":"988205824"}, "annotations":{"sidecar.istio.io/status":"{\\\"version\\\":\\\"2e0c897425ef3bd2729ec5f9aead7c0566c10ab326454e8e9e2b451404aee9a5\\\",\\\"initContainers\\\":[\\\"istio-init\\\"],\\\"containers\\\":[\\\"istio-proxy\\\"],\\\"volumes\\\":[\\\"istio-envoy\\\",\\\"istio-certs\\\"],\\\"imagePullSecrets\\\":null}", "fluentbit.io/parser_stdout-istio-init":"init_stdout", "fluentbit.io/parser_stderr-istio-init":"init_stderr", "fluentbit.io/parser-session-db":"redis", "fluentbit.io/parser-istio-proxy":"mixer"}, "host":"aks-nodepool1-19254313-0", "container_name":"istio-init", "docker_id":"b9eedecf6d4ccf06668bc28f8470667bb4b2f40e4d523b1439f3ecea7683ed6b"}}]
