{"log":"Single log\n"}
{"log":"Second log\n"}
{"log":"Third log\n"}
