1..6
not ok 1 - foo # TODO
#   Failed (TODO) test 'foo'
#   at t/todo.c line 6.
ok 2 - bar # TODO
ok 3 - baz # TODO
not ok 4 - quux # TODO im not ready
#   Failed (TODO) test 'quux'
#   at t/todo.c line 11.
ok 5 - thud # TODO im not ready
ok 6 - wombat # TODO im not ready
