[1722451635.000000,{"kind":"Event","apiVersion":"v1","metadata":{"name":"fluent-bit-78945dccd8-hvr55.17e75f85e7d9e678","namespace":"default","uid":"b7cb03e8-0e0b-4e02-971d-24807f563d43","resourceVersion":"177158","creationTimestamp":"2024-07-31T18:26:51Z","managedFields":[{"manager":"kubelet","operation":"Update","apiVersion":"v1","time":"2024-07-31T18:47:15Z","fieldsType":"FieldsV1","fieldsV1":{"f:count":{},"f:firstTimestamp":{},"f:involvedObject":{},"f:lastTimestamp":{},"f:message":{},"f:reason":{},"f:reportingComponent":{},"f:reportingInstance":{},"f:source":{"f:component":{},"f:host":{}},"f:type":{}}}]},"involvedObject":{"kind":"Pod","namespace":"default","name":"fluent-bit-78945dccd8-hvr55","uid":"d5cd8257-e28a-4e64-8b29-6358309d7196","apiVersion":"v1","resourceVersion":"177159"},"reason":"FailedMount","message":"MountVolume.SetUp failed for volume \"config-volume\" : configmap \"fluent-bit-config\" not found","source":{"component":"kubelet","host":"minikube"},"firstTimestamp":"2024-07-31T18:26:51Z","lastTimestamp":"2024-07-31T18:47:15Z","count":16,"type":"Warning","eventTime":null,"reportingComponent":"kubelet","reportingInstance":"minikube"}]