{"log":"{\"message_id\": 20, \"word\": \"yaks\"]\n","stream":"stdout","kubernetes":{"pod_name":"json-logs-invalid","namespace_name":"default","pod_id":"80ebf9b1-17f3-11e8-b34e-080027749cbc","labels":{"run":"json-logs-invalid"},"host":"minikube","container_name":"json-logs-invalid","docker_id":"054e8bb83c2cc890bae4a184e7a2f96f18dfb121f83e4c5c5541dd452fa4e58e","container_hash":"edsiper/json_logs_invalid@sha256:c73b875e61d5a27ff11bad1fc611ea2202ade3fc40e3bb20c0ad59fe6058e48a"}}
