[1519233660.000000,{"log":"170.59.34.80 - - [21/Feb/2018:17:21:00 +0000] \"GET /anchoring HTTP/1.0\" 200 2216\n","stream":"stdout","host":"170.59.34.80","user":"-","method":"GET","path":"/anchoring","code":"200","size":"2216","kubernetes":{"pod_name":"apache-logs-annotated","namespace_name":"default","pod_id":"b6b631d4-172a-11e8-bfad-080027749cbc","labels":{"run":"apache-logs-annotated"},"annotations":{"fluentbit.io/parser":"apache"},"host":"minikube","container_name":"apache-logs-annotated","docker_id":"5c79b78d458d86fff56127cc8657058c10b837d0f2c147b61afea4c8bc65fad7","container_hash":"edsiper/apache_logs@sha256:bb2934bcf735363d2a009fa4a2d4c2bf5b0f37825be0e729175b46a30cecd0a8"}}]
