{"stream":"stdout","message_id":1,"word":"eagers","kubernetes":{"pod_name":"json-logs-no-keep","namespace_name":"default","pod_id":"5ac76e2f-17d2-11e8-b34e-080027749cbc","labels":{"run":"json-logs-no-keep"},"host":"minikube","container_name":"json-logs-no-keep","docker_id":"c053db7370be9c33d64677f9759863d850ebe35104069bec241cd1bb4674bd19","container_hash":"edsiper/json_logs@sha256:fa40faef982358c9f88a28ceee21524c0d70ea7038b312a4f67f396d4bb5cc91"}}
