[1554141513.598656,{"log":"[2019-04-05T14:54:23.584269761] Simple text\n","stream":"stdout","kubernetes":{"pod_name":"stderr","namespace_name":"annotations-parser","annotations":{"fluentbit.io/parser_stderr":"default-stderr-parser"},"container_name":"text"}}]
