[1554141513.598656,{"log":"Simple text\n","stream":"stdout","kubernetes":{"pod_name":"invalid","namespace_name":"annotations-parser","annotations":{"fluentbit.io/parser":"invalid-parser"},"container_name":"text"}}]
