[1554476063.584270,{"stream":"stdout","default_stdout_parser":"Simple text","kubernetes":{"pod_name":"stdout","namespace_name":"annotations-parser","annotations":{"fluentbit.io/parser_stdout":"default-stdout-parser"},"container_name":"text"}}]
