[1554141513.598656,{"log":"{\"text\":\"Simple text\"}\n","stream":"stdout","merge-log-key":{"text":"Simple text"},"kubernetes":{"pod_name":"merge-log-key","namespace_name":"options","container_name":"json"}}]
