[1554141513.598656,{"log":"{\"text\":\"Simple text\"]\n","stream":"stdout","kubernetes":{"pod_name":"merge-log-enabled","namespace_name":"options","container_name":"invalid-json"}}]
