[1554141513.698657,{"log":"Simple text\n","stream":"stderr","kubernetes":{"pod_name":"k8s-logging-parser-disabled","namespace_name":"options","annotations":{"fluentbit.io/parser":"default-parser"},"container_name":"text"}}]
