[1554141513.598656,{"log":"Simple text\n","stream":"stdout","kubernetes":{"pod_name":"k8s-logging-parser-disabled","namespace_name":"options","annotations":{"fluentbit.io/parser":"default-parser"},"container_name":"text"}}]
