[1554141513.598656,{"log":"Simple text\n","stream":"stdout","kubernetes":{"pod_name":"merge-log-enabled","namespace_name":"options","container_name":"text"}}]
