[1554141513.598656,{"log":"Fluent Bit is logging\n","stream":"stdout","kubernetes":{"pod_name":"base","namespace_name":"core","pod_id":"e9f2963f-55f2-11e9-84c5-02e422b8a84a","labels":{"app.kubernetes.io/name":"fluent-bit"},"annotations":{"prometheus.io/path":"/api/v1/metrics/prometheus","prometheus.io/port":"2020","prometheus.io/scrape":"true"},"host":"ip-10-49-18-80.eu-west-1.compute.internal","container_name":"fluent-bit","docker_id":"c9898099f6d235126d564ed38a020007ea7a6fac6e25e718de683c9dd0076c16","container_hash":"fluent/fluent-bit@sha256:7ac0fd3569af866e9a6a22eb592744200d2dbe098cf066162453f8d0b06c531f","container_image":"fluent/fluent-bit:latest"}}]
