[1554141513.598656,{"log":"{\"stringified-json\":\"{\\\"stringified-json\\\":\\\"{\\\\\\\"stringified-json\\\\\\\":\\\\\\\"\\\\\\\"}\\\"}\",\"text\":\"quoted \\\"text with embedded quoted \\\\\\\"text\\\\\\\"\\\"\"}\n","stream":"stdout","kubernetes":{"pod_name":"unescaping","namespace_name":"core","container_name":"json"}}]
