[1554141513.698657,{"log":"Simple text\n","stream":"stderr","kubernetes":{"pod_name":"stdout","namespace_name":"annotations-exclude","annotations":{"fluentbit.io/exclude_stdout":"true"},"container_name":"text"}}]
