[1554141513.698657,{"log":"Simple text\n","stream":"stderr","kubernetes":{"pod_name":"multiple-4","namespace_name":"annotations-exclude","annotations":{"fluentbit.io/exclude_stderr":"true","fluentbit.io/exclude_stdout-container-1":"true","fluentbit.io/exclude_stdout-container-2":"true","fluentbit.io/exclude_stderr-container-2":"false","fluentbit.io/exclude_stderr-container-4":"false"},"container_name":"container-4"}}]
