[1554141513.698657,{"log":"Simple text\n","stream":"stderr","kubernetes":{"pod_name":"invalid","namespace_name":"annotations-exclude","annotations":{"fluentbit.io/exclude":"neither-true-nor-false"},"container_name":"text"}}]
