[1554141513.698657,{"log":"Simple text\n","stream":"stderr","kubernetes":{"pod_name":"multiple-3","namespace_name":"annotations-exclude","annotations":{"fluentbit.io/exclude_stdout":"true","fluentbit.io/exclude_stderr-container-1":"true","fluentbit.io/exclude_stdout-container-3":"false","fluentbit.io/exclude_stderr-container-3":"true","fluentbit.io/exclude_stdout-container-4":"false"},"container_name":"container-4"}}]
