{"log":"Single log\n"}
{"log":"Second log\n"}
{"log":"Third log\n"}
{"log":"2020-03-24 Multiple lines: \nfirst bullet point\nsecond bullet point\nthird bullet point\nfourth bullet point\n"}
{"log":"2020-03-24 Single line\n"}
