{"log":"\u4f60\u597d"}
{"log":"\u8b1d\u8b1d"}
{"log":"\u518d\u898b"}
{"log":"\u8c93"}
{"log":"\u72d7"}
{"log":"\u5403"}
{"log":"\u559d"}
{"log":"\u5929"}
{"log":"\u6d77"}
{"log":"\u6708\u4eae"}
