{"log":"\u0645\u0631\u062d\u0628\u0627"}
{"log":"\u0634\u0643\u0631\u0627"}
{"log":"\u0645\u0639 \u0627\u0644\u0633\u0644\u0627\u0645\u0629"}
{"log":"\u0627\u0644\u0639\u0631\u0628\u064a\u0629"}
{"log":"\u0642\u0637"}
{"log":"\u0643\u0644\u0628"}
{"log":"\u0633\u0645\u0627\u0621"}
{"log":"\u0628\u062d\u0631"}
