{"log":"\u4f60\u597d"}
{"log":"\u8c22\u8c22"}
{"log":"\u518d\u89c1"}
{"log":"\u4e2d\u56fd"}
{"log":"\u732b"}
{"log":"\u72d7"}
{"log":"\u5403"}
{"log":"\u559d"}
{"log":"\u5929"}
{"log":"\u6d77"}
{"log":"\u6708\u4eae"}
