{"log":"\u041f\u0440\u0438\u0432\u0435\u0442"}
{"log":"\u0421\u043f\u0430\u0441\u0438\u0431\u043e"}
{"log":"\u0414\u043e \u0441\u0432\u0438\u0434\u0430\u043d\u0438\u044f"}
{"log":"\u041a\u043e\u0448\u043a\u0430"}
{"log":"\u0421\u043e\u0431\u0430\u043a\u0430"}
{"log":"\u041d\u0435\u0431\u043e"}
{"log":"\u041c\u043e\u0440\u0435"}
{"log":"\u0411\u044a\u043b\u0433\u0430\u0440\u0441\u043a\u0438 \u0435\u0437\u0438\u043a"}
{"log":"\u0423\u043a\u0440\u0430\u0457\u043d\u0441\u044c\u043a\u0430 \u043c\u043e\u0432\u0430"}
