{"log":"\u3053\u3093\u306b\u3061\u306f"}
{"log":"\u3042\u308a\u304c\u3068\u3046"}
{"log":"\u3055\u3088\u3046\u306a\u3089"}
{"log":"\u65e5\u672c"}
{"log":"\u732b"}
{"log":"\u72ac"}
{"log":"\u98df\u3079\u308b"}
{"log":"\u98f2\u3080"}
{"log":"\u7a7a"}
{"log":"\u6d77"}
{"log":"\u6708"}